// Jest Snapshot v1, https://goo.gl/fbAQLP

exports[`Layout component should render properly 1`] = `
<DocumentFragment>
  Header
  <div
    class="govuk-width-container"
  >
    <main
      class="govuk-main-wrapper"
      id="content"
      role="main"
    >
      <p>
        I am the children
      </p>
    </main>
  </div>
</DocumentFragment>
`;
