// Jest Snapshot v1, https://goo.gl/fbAQLP

exports[`SearchRegisterTable should render elector data properly`] = `
  <DocumentFragment>
    <table class="govuk-table">
      <thead class="govuk-table__head">
        <tr class="govuk-table_register_row">
          <th scope="col" class="govuk-table__header">Name</th>
          <th scope="col" class="govuk-table__header">Address</th>
          <th scope="col" class="govuk-table__header"></th>
        </tr></thead><tbody class="govuk-table__body">
        <tr class="govuk-table__row">
          <td class="govuk-table__cell">Test first_name Test last_name</td>
          <td class="govuk-table__cell">Test address_ln1, Test postcode</td>
          <td class="govuk-table__cell text-align-right">
            <button role="button" draggable="false" class="govuk-button lbh-button btn-smaller govuk-!-margin-top-2 govuk-!-margin-bottom-2" data-module="govuk-button">
              View
            </button>
          </td>
        </tr>
      </tbody>
    </table>
  </DocumentFragment>
`;
