// Jest Snapshot v1, https://goo.gl/fbAQLP

exports[`Seo component should work properly 1`] = `
<DocumentFragment>
  <title>
    foo - Electoral Register - Hackney Council
  </title>
</DocumentFragment>
`;
